
> react-kavia@0.1.0 start
> react-scripts start

Attempting to bind to HOST environment variable: 0.0.0.0
If this was unintentional, check that you haven't mistakenly set it in your shell.
Learn more here: https://cra.link/advanced-config

(node:2397) [DEP_WEBPACK_DEV_SERVER_ON_AFTER_SETUP_MIDDLEWARE] DeprecationWarning: 'onAfterSetupMiddleware' option is deprecated. Please use the 'setupMiddlewares' option.
(Use `node --trace-deprecation ...` to show where the warning was created)
(node:2397) [DEP_WEBPACK_DEV_SERVER_ON_BEFORE_SETUP_MIDDLEWARE] DeprecationWarning: 'onBeforeSetupMiddleware' option is deprecated. Please use the 'setupMiddlewares' option.
Starting the development server...

Compiled successfully!

You can now view react-kavia in the browser.

  Local:            http://localhost:3000
  On Your Network:  http://172.17.0.2:3000

Note that the development build is not optimized.
To create a production build, use npm run build.

webpack compiled successfully
Compiling...
Compiled successfully!
webpack compiled successfully
Compiling...
Failed to compile.

[eslint] 
src/Game.js
  Line 101:44:  'SECONDARY' is not defined  no-undef
  Line 117:28:  'SECONDARY' is not defined  no-undef

Search for the keywords to learn more about each error.
WARNING in [eslint] 
src/Game.js
  Line 6:7:  'PRIMARY_HOVER' is assigned a value but never used  no-unused-vars
  Line 8:7:  'WIN_HIGHLIGHT' is assigned a value but never used  no-unused-vars

ERROR in [eslint] 
src/Game.js
  Line 101:44:  'SECONDARY' is not defined  no-undef
  Line 117:28:  'SECONDARY' is not defined  no-undef

Search for the keywords to learn more about each error.

webpack compiled with 1 error and 1 warning
Compiling...
Compiled with warnings.

[eslint] 
src/Game.js
  Line 5:7:  'PRIMARY' is assigned a value but never used        no-unused-vars
  Line 6:7:  'PRIMARY_HOVER' is assigned a value but never used  no-unused-vars
  Line 7:7:  'ACCENT' is assigned a value but never used         no-unused-vars
  Line 8:7:  'WIN_HIGHLIGHT' is assigned a value but never used  no-unused-vars

Search for the keywords to learn more about each warning.
To ignore, add // eslint-disable-next-line to the line before.

WARNING in [eslint] 
src/Game.js
  Line 5:7:  'PRIMARY' is assigned a value but never used        no-unused-vars
  Line 6:7:  'PRIMARY_HOVER' is assigned a value but never used  no-unused-vars
  Line 7:7:  'ACCENT' is assigned a value but never used         no-unused-vars
  Line 8:7:  'WIN_HIGHLIGHT' is assigned a value but never used  no-unused-vars

webpack compiled with 1 warning
Compiling...
Compiled with warnings.

[eslint] 
src/Game.js
  Line 5:7:  'PRIMARY' is assigned a value but never used        no-unused-vars
  Line 6:7:  'PRIMARY_HOVER' is assigned a value but never used  no-unused-vars
  Line 7:7:  'ACCENT' is assigned a value but never used         no-unused-vars
  Line 8:7:  'WIN_HIGHLIGHT' is assigned a value but never used  no-unused-vars

Search for the keywords to learn more about each warning.
To ignore, add // eslint-disable-next-line to the line before.

WARNING in [eslint] 
src/Game.js
  Line 5:7:  'PRIMARY' is assigned a value but never used        no-unused-vars
  Line 6:7:  'PRIMARY_HOVER' is assigned a value but never used  no-unused-vars
  Line 7:7:  'ACCENT' is assigned a value but never used         no-unused-vars
  Line 8:7:  'WIN_HIGHLIGHT' is assigned a value but never used  no-unused-vars

webpack compiled with 1 warning
Compiling...
Compiled with warnings.

[eslint] 
src/Game.js
  Line 5:7:  'PRIMARY' is assigned a value but never used        no-unused-vars
  Line 6:7:  'PRIMARY_HOVER' is assigned a value but never used  no-unused-vars
  Line 7:7:  'ACCENT' is assigned a value but never used         no-unused-vars
  Line 8:7:  'WIN_HIGHLIGHT' is assigned a value but never used  no-unused-vars

Search for the keywords to learn more about each warning.
To ignore, add // eslint-disable-next-line to the line before.

WARNING in [eslint] 
src/Game.js
  Line 5:7:  'PRIMARY' is assigned a value but never used        no-unused-vars
  Line 6:7:  'PRIMARY_HOVER' is assigned a value but never used  no-unused-vars
  Line 7:7:  'ACCENT' is assigned a value but never used         no-unused-vars
  Line 8:7:  'WIN_HIGHLIGHT' is assigned a value but never used  no-unused-vars

webpack compiled with 1 warning
Compiling...
Compiled with warnings.

[eslint] 
src/Game.js
  Line 5:7:  'PRIMARY' is assigned a value but never used        no-unused-vars
  Line 6:7:  'PRIMARY_HOVER' is assigned a value but never used  no-unused-vars
  Line 7:7:  'ACCENT' is assigned a value but never used         no-unused-vars
  Line 8:7:  'WIN_HIGHLIGHT' is assigned a value but never used  no-unused-vars

Search for the keywords to learn more about each warning.
To ignore, add // eslint-disable-next-line to the line before.

WARNING in [eslint] 
src/Game.js
  Line 5:7:  'PRIMARY' is assigned a value but never used        no-unused-vars
  Line 6:7:  'PRIMARY_HOVER' is assigned a value but never used  no-unused-vars
  Line 7:7:  'ACCENT' is assigned a value but never used         no-unused-vars
  Line 8:7:  'WIN_HIGHLIGHT' is assigned a value but never used  no-unused-vars

webpack compiled with 1 warning
Compiling...
Compiled with warnings.

[eslint] 
src/Game.js
  Line 5:7:  'PRIMARY' is assigned a value but never used        no-unused-vars
  Line 6:7:  'PRIMARY_HOVER' is assigned a value but never used  no-unused-vars
  Line 7:7:  'ACCENT' is assigned a value but never used         no-unused-vars
  Line 8:7:  'WIN_HIGHLIGHT' is assigned a value but never used  no-unused-vars

Search for the keywords to learn more about each warning.
To ignore, add // eslint-disable-next-line to the line before.

WARNING in [eslint] 
src/Game.js
  Line 5:7:  'PRIMARY' is assigned a value but never used        no-unused-vars
  Line 6:7:  'PRIMARY_HOVER' is assigned a value but never used  no-unused-vars
  Line 7:7:  'ACCENT' is assigned a value but never used         no-unused-vars
  Line 8:7:  'WIN_HIGHLIGHT' is assigned a value but never used  no-unused-vars

webpack compiled with 1 warning
